#-----------------------------------------------------------
# Vivado v2016.1 (64-bit)
# SW Build 1538259 on Fri Apr  8 15:45:27 MDT 2016
# IP Build 1537824 on Fri Apr  8 04:28:57 MDT 2016
# Start of session at: Fri Jan 06 14:20:03 2017
# Process ID: 8344
# Current directory: F:/1___study/1___study/FPGA/The edge of the recognition/zuiyong/program/ov7725/ov7725
# Command line: vivado.exe -gui_launcher_event rodinguilauncherevent1224 F:\1___study\1___study\FPGA\The edge of the recognition\zuiyong\program\ov7725\ov7725\ov7725.xpr
# Log file: F:/1___study/1___study/FPGA/The edge of the recognition/zuiyong/program/ov7725/ov7725/vivado.log
# Journal file: F:/1___study/1___study/FPGA/The edge of the recognition/zuiyong/program/ov7725/ov7725\vivado.jou
#-----------------------------------------------------------
start_gui
open_project {F:/1___study/1___study/FPGA/The edge of the recognition/zuiyong/program/ov7725/ov7725/ov7725.xpr}
update_compile_order -fileset sources_1
open_hw
disconnect_hw_server localhost:3121
connect_hw_server -url localhost:3121
current_hw_target [get_hw_targets */xilinx_tcf/Digilent/210183740666A]
set_property PARAM.FREQUENCY 15000000 [get_hw_targets */xilinx_tcf/Digilent/210183740666A]
open_hw_target
set_property PROGRAM.FILE {F:/1___study/1___study/FPGA/The edge of the recognition/zuiyong/program/ov7725/ov7725/ov7725.runs/impl_1/design_1_wrapper.bit} [lindex [get_hw_devices] 0]
current_hw_device [lindex [get_hw_devices] 0]
refresh_hw_device -update_hw_probes false [lindex [get_hw_devices] 0]
set_property PROBES.FILE {} [lindex [get_hw_devices] 0]
set_property PROGRAM.FILE {F:/1___study/1___study/FPGA/The edge of the recognition/zuiyong/program/ov7725/ov7725/ov7725.runs/impl_1/design_1_wrapper.bit} [lindex [get_hw_devices] 0]
program_hw_devices [lindex [get_hw_devices] 0]
refresh_hw_device [lindex [get_hw_devices] 0]
